// Vitest Snapshot v1, https://vitest.dev/guide/snapshot.html

exports[`onBattleStart applies effects effect-outer/unit-inner (rng order locked) 1`] = `
{
  "log": [
    {
      "action": "Reliquia",
      "actorId": "a",
      "actorSide": "left",
      "flags": [],
      "targetId": "a",
      "targetSide": "left",
      "turn": 0,
      "type": "system",
      "value": undefined,
    },
    {
      "action": "Reliquia",
      "actorId": "b",
      "actorSide": "left",
      "flags": [],
      "targetId": "b",
      "targetSide": "left",
      "turn": 0,
      "type": "system",
      "value": undefined,
    },
    {
      "action": "Reliquia",
      "actorId": "a",
      "actorSide": "left",
      "flags": [],
      "targetId": "a",
      "targetSide": "left",
      "turn": 0,
      "type": "system",
      "value": undefined,
    },
    {
      "action": "Reliquia",
      "actorId": "b",
      "actorSide": "left",
      "flags": [],
      "targetId": "b",
      "targetSide": "left",
      "turn": 0,
      "type": "system",
      "value": undefined,
    },
    {
      "action": "Jinx",
      "actorId": "a",
      "actorSide": "left",
      "flags": [
        "pen",
      ],
      "targetId": "z",
      "targetSide": "right",
      "turn": 1,
      "type": "Attacco",
      "value": 27,
    },
    {
      "action": "Jinx",
      "actorId": "b",
      "actorSide": "left",
      "flags": [
        "pen",
      ],
      "targetId": "z",
      "targetSide": "right",
      "turn": 1,
      "type": "Attacco",
      "value": 27,
    },
    {
      "action": "Jinx",
      "actorId": "z",
      "actorSide": "right",
      "flags": [
        "pen",
      ],
      "targetId": "a",
      "targetSide": "left",
      "turn": 1,
      "type": "Attacco",
      "value": 27,
    },
    {
      "action": "Jinx",
      "actorId": "a",
      "actorSide": "left",
      "flags": [
        "pen",
      ],
      "targetId": "z",
      "targetSide": "right",
      "turn": 2,
      "type": "Attacco",
      "value": 27,
    },
    {
      "action": "Jinx",
      "actorId": "b",
      "actorSide": "left",
      "flags": [
        "pen",
        "crit",
      ],
      "targetId": "z",
      "targetSide": "right",
      "turn": 2,
      "type": "Attacco",
      "value": 43,
    },
    {
      "action": "KO",
      "actorId": "b",
      "actorSide": "left",
      "flags": [
        "kill",
      ],
      "targetId": "z",
      "targetSide": "right",
      "turn": 2,
      "type": "system",
    },
  ],
  "turns": 2,
  "winner": "left",
}
`;
